    quadratic                p= 3  AIC=  -247897.0  R2obs=0.0276  R2cat=0.9824
    linear (Fechner)         p= 2  AIC=  -247254.7  R2obs=0.0266  R2cat=0.9456
  -- threshold tournament (anchored GRM) --
    flexible (free)          p= 6  AIC=  1897590.8
    geometric widths         p= 4  AIC=  1898494.5   r=1.0293
    equidistant              p= 3  AIC=  1898809.3
  free widths (log-stimulus units): 2.338, 2.268, 2.271, 2.749
  LR equidistant vs free: chi2=1224.5 df=3
  GEOMETRIC r = 1.0293    dAIC(equi - geom) = 314.8

exclusion funnel keeps categories [1, 2, 3, 4, 5] -> 22790 words
=== spelling2pronounce | rounded item-mean difficulty 1-5 x (-)SUBTLEX-US Zipf   n=22790  K=5
  category means of log-stimulus: 1:-4.090(n=1096), 2:-3.400(n=12494), 3:-3.020(n=7394), 4:-2.814(n=1640), 5:-2.750(n=166)
  step sizes in log-stimulus:     0.690, 0.380, 0.206, 0.064
  step ratios (growth of steps):  0.550, 0.542, 0.312
  -- mean-function race (lower AIC better) --
    stretched exponential    p= 4  AIC=   -11508.3  R2obs=0.1154  R2cat=0.9984
    free category means      p= 5  AIC=   -11506.9  R2obs=0.1155  R2cat=1.0000
    quadratic                p= 3  AIC=   -11497.6  R2obs=0.1149  R2cat=0.9892
    power law                p= 2  AIC=   -11490.9  R2obs=0.1146  R2cat=0.9680
    linear (Fechner)         p= 2  AIC=   -11231.2  R2obs=0.1045  R2cat=0.7642
  -- threshold tournament (anchored GRM) --
    flexible (free)          p= 5  AIC=    45942.9
    geometric widths         p= 4  AIC=    46210.5   r=0.6876
    equidistant              p= 3  AIC=    47242.9
  free widths (log-stimulus units): 4.262, 2.542, 2.893
  LR equidistant vs free: chi2=1304.0 df=2
  GEOMETRIC r = 0.6876    dAIC(equi - geom) = 1032.4

per-rater: 2408 raters with >=200 rated words
