responses: 617233
words: 23282 matched: 22791

corr(mean difficulty, Zipf) = -0.354
=== spelling2pronounce | rounded item-mean difficulty x (-)SUBTLEX-US Zipf   n=22791  K=6
  category means of log-stimulus: 1:-4.090(n=1096), 2:-3.400(n=12494), 3:-3.020(n=7394), 4:-2.814(n=1640), 5:-2.750(n=166), 6:-2.462(n=1)
  step sizes in log-stimulus:     0.690, 0.380, 0.206, 0.064, 0.288
  step ratios (growth of steps):  0.550, 0.542, 0.312, 4.487
  -- mean-function race (lower AIC better) --
    stretched exponential    p= 4  AIC=   -11509.7  R2obs=0.1155  R2cat=0.9790
    free category means      p= 6  AIC=   -11506.4  R2obs=0.1155  R2cat=1.0000
    quadratic                p= 3  AIC=   -11498.4  R2obs=0.1149  R2cat=0.7523
    power law                p= 2  AIC=   -11492.4  R2obs=0.1146  R2cat=0.9746
    linear (Fechner)         p= 2  AIC=   -11232.3  R2obs=0.1045  R2cat=0.6805
  -- threshold tournament (anchored GRM) --
    flexible (free)          p= 6  AIC=    46000.1
    geometric widths         p= 4  AIC=    46342.4   r=0.7074
    equidistant              p= 3  AIC=    47278.6
  free widths (log-stimulus units): 4.262, 2.542, 2.893, 876245188827438977263532575517248061440.000
  LR equidistant vs free: chi2=1284.5 df=3
  GEOMETRIC r = 0.7074    dAIC(equi - geom) = 936.2
=== spelling2pronounce | rounded item-mean difficulty x (-)log contextual diversity   n=22791  K=6
  category means of log-stimulus: 1:-2.551(n=1096), 2:-1.983(n=12494), 3:-1.650(n=7394), 4:-1.451(n=1640), 5:-1.367(n=166), 6:-0.954(n=1)
  step sizes in log-stimulus:     0.568, 0.333, 0.199, 0.083, 0.413
  step ratios (growth of steps):  0.587, 0.596, 0.420, 4.951
  -- mean-function race (lower AIC better) --
    stretched exponential    p= 4  AIC=   -17384.7  R2obs=0.1132  R2cat=0.9328
    free category means      p= 6  AIC=   -17381.2  R2obs=0.1132  R2cat=1.0000
    power law                p= 2  AIC=   -17380.8  R2obs=0.1129  R2cat=0.9756
    quadratic                p= 3  AIC=   -17377.2  R2obs=0.1128  R2cat=0.7338
    linear (Fechner)         p= 2  AIC=   -17174.8  R2obs=0.1048  R2cat=0.8494
  -- threshold tournament (anchored GRM) --
    flexible (free)          p= 6  AIC=    46035.6
    geometric widths         p= 4  AIC=    46374.0   r=0.7092
    equidistant              p= 3  AIC=    47298.0
  free widths (log-stimulus units): 3.760, 2.250, 2.561, 294379967228537920505166241875155661442946289804039968086673602299512741252701124875522992674157928843837440.000
  LR equidistant vs free: chi2=1268.3 df=3
  GEOMETRIC r = 0.7092    dAIC(equi - geom) = 924.0
=== spelling2pronounce | INDIVIDUAL ratings x (-)SUBTLEX-US Zipf   n=604265  K=6
  category means of log-stimulus: 1:-3.424(n=227204), 2:-3.266(n=127212), 3:-3.189(n=108196), 4:-3.124(n=71096), 5:-3.068(n=43122), 6:-2.991(n=27435)
  step sizes in log-stimulus:     0.158, 0.077, 0.064, 0.056, 0.077
  step ratios (growth of steps):  0.489, 0.832, 0.866, 1.379
  -- mean-function race (lower AIC better) --
    free category means      p= 6  AIC=  -248102.2  R2obs=0.0280  R2cat=1.0000
    power law                p= 2  AIC=  -248038.5  R2obs=0.0279  R2cat=0.9889
    stretched exponential    p= 4  AIC=  -247981.9  R2obs=0.0278  R2cat=0.9869
    quadratic                p= 3  AIC=  -247897.0  R2obs=0.0276  R2cat=0.9824
    linear (Fechner)         p= 2  AIC=  -247254.7  R2obs=0.0266  R2cat=0.9456
  -- threshold tournament (anchored GRM) --
    flexible (free)          p= 6  AIC=  1897590.8
    geometric widths         p= 4  AIC=  1898494.5   r=1.0293
    equidistant              p= 3  AIC=  1898809.3
  free widths (log-stimulus units): 2.338, 2.268, 2.271, 2.749
  LR equidistant vs free: chi2=1224.5 df=3
  GEOMETRIC r = 1.0293    dAIC(equi - geom) = 314.8

exclusion funnel keeps categories [1, 2, 3, 4, 5] -> 22790 words
=== spelling2pronounce | rounded item-mean difficulty 1-5 x (-)SUBTLEX-US Zipf   n=22790  K=5
  category means of log-stimulus: 1:-4.090(n=1096), 2:-3.400(n=12494), 3:-3.020(n=7394), 4:-2.814(n=1640), 5:-2.750(n=166)
  step sizes in log-stimulus:     0.690, 0.380, 0.206, 0.064
  step ratios (growth of steps):  0.550, 0.542, 0.312
  -- mean-function race (lower AIC better) --
    stretched exponential    p= 4  AIC=   -11508.3  R2obs=0.1154  R2cat=0.9984
    free category means      p= 5  AIC=   -11506.9  R2obs=0.1155  R2cat=1.0000
    quadratic                p= 3  AIC=   -11497.6  R2obs=0.1149  R2cat=0.9892
    power law                p= 2  AIC=   -11490.9  R2obs=0.1146  R2cat=0.9680
    linear (Fechner)         p= 2  AIC=   -11231.2  R2obs=0.1045  R2cat=0.7642
  -- threshold tournament (anchored GRM) --
    flexible (free)          p= 5  AIC=    45942.9
    geometric widths         p= 4  AIC=    46210.5   r=0.6876
    equidistant              p= 3  AIC=    47242.9
  free widths (log-stimulus units): 4.262, 2.542, 2.893
  LR equidistant vs free: chi2=1304.0 df=2
  GEOMETRIC r = 0.6876    dAIC(equi - geom) = 1032.4

per-rater: 2408 raters with >=200 rated words
